EVIDENCIA · dbt build con casos de calidad inyectados (evidencia_2_casos_calidad)

########## transformacion_dbt.dbt_build_staging · attempt=1 ##########
03:11:44  1 of 115 OK created sql view model staging.stg_csv__devoluciones ............... [CREATE VIEW in 0.41s]
03:11:44  3 of 115 OK created sql view model staging.stg_csv__metas_ventas ............... [CREATE VIEW in 0.43s]
03:11:44  4 of 115 OK created sql view model staging.stg_csv__promociones ................ [CREATE VIEW in 0.42s]
03:11:44  2 of 115 OK created sql view model staging.stg_csv__inventario_bodega .......... [CREATE VIEW in 0.43s]
03:11:44  5 of 115 OK created sql view model staging.stg_csv__proveedores_precios ........ [CREATE VIEW in 0.34s]
03:11:44  6 of 115 OK created sql view model staging.stg_oltp__categoria ................. [CREATE VIEW in 0.34s]
03:11:44  7 of 115 OK created sql view model staging.stg_oltp__cliente ................... [CREATE VIEW in 0.35s]
03:11:44  8 of 115 OK created sql view model staging.stg_oltp__marca ..................... [CREATE VIEW in 0.35s]
03:11:45  10 of 115 OK created sql view model staging.stg_oltp__sucursal ................. [CREATE VIEW in 0.29s]
03:11:45  11 of 115 OK created sql view model staging.stg_oltp__venta .................... [CREATE VIEW in 0.30s]
03:11:45  9 of 115 OK created sql view model staging.stg_oltp__producto .................. [CREATE VIEW in 0.34s]
03:11:45  12 of 115 OK created sql view model staging.stg_oltp__venta_detalle ............ [CREATE VIEW in 0.32s]
03:11:45  14 of 115 PASS dbt_utils_accepted_range_stg_csv__devoluciones_cantidad_devuelta__1  [PASS in 0.36s]
03:11:45  13 of 115 PASS accepted_values_stg_csv__devoluciones_motivo__Vencimiento_cercano__Error_de_despacho__Cliente_desisti___Producto_da_ado__Empaque_defectuoso  [PASS in 0.41s]
03:11:45  15 of 115 PASS not_null_stg_csv__devoluciones_cantidad_devuelta ................ [PASS in 0.33s]
03:11:45  16 of 115 PASS not_null_stg_csv__devoluciones_id_devolucion .................... [PASS in 0.34s]
03:11:45  17 of 115 PASS not_null_stg_csv__devoluciones_id_producto ...................... [PASS in 0.31s]
03:11:45  18 of 115 PASS not_null_stg_csv__devoluciones_id_venta ......................... [PASS in 0.31s]
03:11:45  20 of 115 PASS dbt_utils_accepted_range_stg_csv__metas_ventas_meta_unidades__False__0  [PASS in 0.28s]
03:11:45  19 of 115 PASS unique_stg_csv__devoluciones_id_devolucion ...................... [PASS in 0.32s]
03:11:46  21 of 115 FAIL 1 dbt_utils_accepted_range_stg_csv__metas_ventas_meta_ventas__False__0  [FAIL 1 in 0.35s]
03:11:46  24 of 115 PASS not_null_stg_csv__metas_ventas_id_sucursal ...................... [PASS in 0.36s]
03:11:46  22 of 115 PASS dbt_utils_unique_combination_of_columns_stg_csv__metas_ventas_anio_mes__id_sucursal  [PASS in 0.40s]
03:11:46  23 of 115 PASS not_null_stg_csv__metas_ventas_fecha_mes ........................ [PASS in 0.40s]
03:11:46  25 of 115 PASS not_null_stg_csv__metas_ventas_meta_unidades .................... [PASS in 0.33s]
03:11:46  26 of 115 PASS not_null_stg_csv__metas_ventas_meta_ventas ...................... [PASS in 0.30s]
03:11:46  27 of 115 WARN 7 assert_promociones_sin_traslape ............................... [WARN 7 in 0.30s]
03:11:46  28 of 115 PASS dbt_utils_expression_is_true_stg_csv__promociones_fecha_inicio_fecha_fin  [PASS in 0.34s]
03:11:46  29 of 115 PASS not_null_stg_csv__promociones_id_categoria ...................... [PASS in 0.33s]
03:11:46  30 of 115 PASS not_null_stg_csv__promociones_id_promocion ...................... [PASS in 0.32s]
03:11:46  31 of 115 PASS not_null_stg_csv__promociones_porcentaje_descuento .............. [PASS in 0.29s]
03:11:47  32 of 115 PASS porcentaje_valido_stg_csv__promociones_porcentaje_descuento ..... [PASS in 0.36s]
03:11:47  33 of 115 PASS unique_stg_csv__promociones_id_promocion ........................ [PASS in 0.32s]
03:11:47  34 of 115 FAIL 1 assert_vencimiento_posterior_al_corte ......................... [FAIL 1 in 0.33s]
03:11:47  35 of 115 FAIL 1 dbt_utils_accepted_range_stg_csv__inventario_bodega_stock_disponible__0  [FAIL 1 in 0.32s]
03:11:47  36 of 115 PASS dbt_utils_accepted_range_stg_csv__inventario_bodega_stock_minimo__0  [PASS in 0.34s]
03:11:47  38 of 115 PASS dbt_utils_expression_is_true_stg_csv__inventario_bodega_stock_minimo_stock_maximo  [PASS in 0.39s]
03:11:47  37 of 115 WARN 265 dbt_utils_expression_is_true_stg_csv__inventario_bodega_stock_disponible_stock_maximo  [WARN 265 in 0.41s]
03:11:47  39 of 115 PASS dbt_utils_unique_combination_of_columns_stg_csv__inventario_bodega_fecha_corte__id_sucursal__id_producto  [PASS in 0.41s]
03:11:47  40 of 115 PASS not_null_stg_csv__inventario_bodega_fecha_corte ................. [PASS in 0.36s]
03:11:48  41 of 115 PASS not_null_stg_csv__inventario_bodega_fecha_vencimiento ........... [PASS in 0.34s]
03:11:48  43 of 115 PASS not_null_stg_csv__inventario_bodega_id_sucursal ................. [PASS in 0.33s]
03:11:48  42 of 115 PASS not_null_stg_csv__inventario_bodega_id_producto ................. [PASS in 0.34s]
03:11:48  44 of 115 PASS not_null_stg_csv__inventario_bodega_stock_disponible ............ [PASS in 0.32s]
03:11:48  47 of 115 PASS dbt_utils_accepted_range_stg_csv__proveedores_precios_plazo_dias__0  [PASS in 0.36s]
03:11:48  46 of 115 PASS dbt_utils_accepted_range_stg_csv__proveedores_precios_costo_proveedor__0  [PASS in 0.37s]
03:11:48  45 of 115 PASS not_null_stg_csv__inventario_bodega_stock_minimo ................ [PASS in 0.38s]
03:11:48  48 of 115 PASS dbt_utils_unique_combination_of_columns_stg_csv__proveedores_precios_id_proveedor__id_producto__fecha_vigencia  [PASS in 0.32s]
03:11:48  50 of 115 PASS not_null_stg_csv__proveedores_precios_id_producto ............... [PASS in 0.27s]
03:11:48  49 of 115 FAIL 1 not_null_stg_csv__proveedores_precios_costo_proveedor ......... [FAIL 1 in 0.27s]
03:11:48  51 of 115 PASS not_null_stg_csv__proveedores_precios_id_proveedor .............. [PASS in 0.28s]
03:11:48  52 of 115 PASS not_null_stg_oltp__categoria_categoria .......................... [PASS in 0.32s]
03:11:49  53 of 115 PASS not_null_stg_oltp__categoria_id_categoria ....................... [PASS in 0.28s]
03:11:49  54 of 115 PASS relationships_stg_csv__promociones_id_categoria__id_categoria__ref_stg_oltp__categoria_  [PASS in 0.30s]
03:11:49  55 of 115 PASS unique_stg_oltp__categoria_categoria ............................ [PASS in 0.30s]
03:11:49  56 of 115 PASS unique_stg_oltp__categoria_id_categoria ......................... [PASS in 0.21s]
03:11:49  57 of 115 PASS accepted_values_stg_oltp__cliente_tipo_cliente__Tienda_de_barrio__Minorista__Mayorista__Restaurante  [PASS in 0.30s]
03:11:49  58 of 115 PASS not_null_stg_oltp__cliente_fecha_alta ........................... [PASS in 0.29s]
03:11:49  60 of 115 PASS not_null_stg_oltp__cliente_nombre_cliente ....................... [PASS in 0.23s]
03:11:49  59 of 115 FAIL 1 not_null_stg_oltp__cliente_id_cliente ......................... [FAIL 1 in 0.25s]
03:11:49  62 of 115 PASS not_null_stg_oltp__marca_id_marca ............................... [PASS in 0.33s]
03:11:49  61 of 115 PASS unique_stg_oltp__cliente_id_cliente ............................. [PASS in 0.34s]
03:11:49  64 of 115 PASS unique_stg_oltp__marca_id_marca ................................. [PASS in 0.34s]
03:11:49  63 of 115 PASS not_null_stg_oltp__marca_marca .................................. [PASS in 0.36s]
03:11:50  68 of 115 PASS relationships_stg_csv__inventario_bodega_id_sucursal__id_sucursal__ref_stg_oltp__sucursal_  [PASS in 0.35s]
03:11:50  65 of 115 PASS unique_stg_oltp__marca_marca .................................... [PASS in 0.42s]
03:11:50  66 of 115 PASS not_null_stg_oltp__sucursal_id_sucursal ......................... [PASS in 0.42s]
03:11:50  67 of 115 PASS not_null_stg_oltp__sucursal_nombre_sucursal ..................... [PASS in 0.41s]
03:11:50  70 of 115 PASS unique_stg_oltp__sucursal_id_sucursal ........................... [PASS in 0.28s]
03:11:50  69 of 115 PASS relationships_stg_csv__metas_ventas_id_sucursal__id_sucursal__ref_stg_oltp__sucursal_  [PASS in 0.29s]
03:11:50  71 of 115 PASS accepted_values_stg_oltp__venta_canal__Tienda__Mayorista__Televenta__Web  [PASS in 0.35s]
03:11:50  72 of 115 PASS accepted_values_stg_oltp__venta_estado_venta__COMPLETADA__ANULADA__PENDIENTE  [PASS in 0.34s]
03:11:51  74 of 115 PASS assert_devolucion_posterior_a_venta ............................. [PASS in 0.32s]
03:11:51  73 of 115 PASS accepted_values_stg_oltp__venta_metodo_pago__Efectivo__Tarjeta__Transferencia__Cr_dito  [PASS in 0.33s]
03:11:51  75 of 115 WARN 40 assert_venta_posterior_alta_cliente .......................... [WARN 40 in 0.26s]
03:11:51  76 of 115 PASS not_null_stg_oltp__venta_fecha_venta ............................ [PASS in 0.29s]
03:11:51  78 of 115 PASS not_null_stg_oltp__venta_id_sucursal ............................ [PASS in 0.33s]
03:11:51  77 of 115 PASS not_null_stg_oltp__venta_id_cliente ............................. [PASS in 0.34s]
03:11:51  79 of 115 PASS not_null_stg_oltp__venta_id_venta ............................... [PASS in 0.33s]
03:11:51  80 of 115 PASS relationships_stg_csv__devoluciones_id_venta__id_venta__ref_stg_oltp__venta_  [PASS in 0.31s]
03:11:51  82 of 115 PASS relationships_stg_oltp__venta_id_sucursal__id_sucursal__ref_stg_oltp__sucursal_  [PASS in 0.36s]
03:11:51  83 of 115 PASS unique_stg_oltp__venta_id_venta ................................. [PASS in 0.36s]
03:11:51  81 of 115 FAIL 1 relationships_stg_oltp__venta_id_cliente__id_cliente__ref_stg_oltp__cliente_  [FAIL 1 in 0.38s]
03:11:51  84 of 115 PASS dbt_utils_accepted_range_stg_oltp__producto_costo_base__0 ....... [PASS in 0.33s]
03:11:52  85 of 115 FAIL 1 dbt_utils_accepted_range_stg_oltp__producto_precio_lista__0 ... [FAIL 1 in 0.32s]
03:11:52  86 of 115 WARN 1 dbt_utils_expression_is_true_stg_oltp__producto_precio_lista_costo_base  [WARN 1 in 0.32s]
03:11:52  87 of 115 PASS not_null_stg_oltp__producto_costo_base .......................... [PASS in 0.32s]
03:11:52  88 of 115 PASS not_null_stg_oltp__producto_id_categoria ........................ [PASS in 0.31s]
03:11:52  89 of 115 PASS not_null_stg_oltp__producto_id_marca ............................ [PASS in 0.29s]
03:11:52  90 of 115 PASS not_null_stg_oltp__producto_id_producto ......................... [PASS in 0.28s]
03:11:52  91 of 115 PASS not_null_stg_oltp__producto_precio_lista ........................ [PASS in 0.31s]
03:11:52  92 of 115 PASS not_null_stg_oltp__producto_sku ................................. [PASS in 0.29s]
03:11:52  93 of 115 PASS relationships_stg_csv__devoluciones_id_producto__id_producto__ref_stg_oltp__producto_  [PASS in 0.29s]
03:11:52  94 of 115 PASS relationships_stg_csv__inventario_bodega_id_producto__id_producto__ref_stg_oltp__producto_  [PASS in 0.29s]
03:11:52  95 of 115 PASS relationships_stg_csv__proveedores_precios_id_producto__id_producto__ref_stg_oltp__producto_  [PASS in 0.27s]
03:11:52  96 of 115 PASS relationships_stg_oltp__producto_id_categoria__id_categoria__ref_stg_oltp__categoria_  [PASS in 0.28s]
03:11:53  98 of 115 PASS unique_stg_oltp__producto_id_producto ........................... [PASS in 0.25s]
03:11:53  97 of 115 PASS relationships_stg_oltp__producto_id_marca__id_marca__ref_stg_oltp__marca_  [PASS in 0.26s]
03:11:53  99 of 115 PASS unique_stg_oltp__producto_sku ................................... [PASS in 0.22s]
03:11:53  100 of 115 FAIL 1 assert_devolucion_no_supera_vendido .......................... [FAIL 1 in 0.23s]
03:11:53  101 of 115 FAIL 2 assert_subtotal_consistente .................................. [FAIL 2 in 0.31s]
03:11:53  102 of 115 FAIL 1 dbt_utils_accepted_range_stg_oltp__venta_detalle_cantidad__1 . [FAIL 1 in 0.37s]
03:11:53  103 of 115 PASS dbt_utils_accepted_range_stg_oltp__venta_detalle_monto_neto__0 . [PASS in 0.36s]
03:11:53  104 of 115 PASS dbt_utils_accepted_range_stg_oltp__venta_detalle_precio_unitario__0  [PASS in 0.35s]
03:11:53  105 of 115 PASS not_null_stg_oltp__venta_detalle_cantidad ...................... [PASS in 0.27s]
03:11:53  106 of 115 PASS not_null_stg_oltp__venta_detalle_descuento_pct ................. [PASS in 0.26s]
03:11:53  108 of 115 PASS not_null_stg_oltp__venta_detalle_id_producto ................... [PASS in 0.26s]
03:11:53  107 of 115 PASS not_null_stg_oltp__venta_detalle_id_detalle .................... [PASS in 0.29s]
03:11:54  109 of 115 PASS not_null_stg_oltp__venta_detalle_id_venta ...................... [PASS in 0.26s]
03:11:54  110 of 115 PASS not_null_stg_oltp__venta_detalle_monto_neto .................... [PASS in 0.23s]
03:11:54  111 of 115 PASS not_null_stg_oltp__venta_detalle_precio_unitario ............... [PASS in 0.24s]
03:11:54  112 of 115 FAIL 1 porcentaje_valido_stg_oltp__venta_detalle_descuento_pct ...... [FAIL 1 in 0.29s]
03:11:54  113 of 115 PASS relationships_stg_oltp__venta_detalle_id_producto__id_producto__ref_stg_oltp__producto_  [PASS in 0.22s]
03:11:54  114 of 115 PASS relationships_stg_oltp__venta_detalle_id_venta__id_venta__ref_stg_oltp__venta_  [PASS in 0.24s]
03:11:54  115 of 115 PASS unique_stg_oltp__venta_detalle_id_detalle ...................... [PASS in 0.19s]
03:11:54  Finished running 103 data tests, 12 view models in 0 hours 0 minutes and 10.89 seconds (10.89s).
03:11:54  Completed with 11 errors, 0 partial successes, and 4 warnings:
03:11:55  Done. PASS=100 WARN=4 ERROR=11 SKIP=0 NO-OP=0 REUSED=0 TOTAL=115
########## transformacion_dbt.dbt_build_staging · attempt=2 ##########
03:12:47  2 of 115 OK created sql view model staging.stg_csv__inventario_bodega .......... [CREATE VIEW in 1.18s]
03:12:47  1 of 115 OK created sql view model staging.stg_csv__devoluciones ............... [CREATE VIEW in 1.22s]
03:12:47  4 of 115 OK created sql view model staging.stg_csv__promociones ................ [CREATE VIEW in 1.23s]
03:12:47  3 of 115 OK created sql view model staging.stg_csv__metas_ventas ............... [CREATE VIEW in 1.23s]
03:12:48  6 of 115 OK created sql view model staging.stg_oltp__categoria ................. [CREATE VIEW in 0.84s]
03:12:48  7 of 115 OK created sql view model staging.stg_oltp__cliente ................... [CREATE VIEW in 0.88s]
03:12:48  5 of 115 OK created sql view model staging.stg_csv__proveedores_precios ........ [CREATE VIEW in 0.91s]
03:12:48  8 of 115 OK created sql view model staging.stg_oltp__marca ..................... [CREATE VIEW in 0.88s]
03:12:49  9 of 115 OK created sql view model staging.stg_oltp__producto .................. [CREATE VIEW in 0.49s]
03:12:49  11 of 115 OK created sql view model staging.stg_oltp__venta .................... [CREATE VIEW in 0.48s]
03:12:49  10 of 115 OK created sql view model staging.stg_oltp__sucursal ................. [CREATE VIEW in 0.48s]
03:12:49  12 of 115 OK created sql view model staging.stg_oltp__venta_detalle ............ [CREATE VIEW in 0.50s]
03:12:50  13 of 115 FAIL 1 assert_vencimiento_posterior_al_corte ......................... [FAIL 1 in 0.85s]
03:12:50  15 of 115 PASS dbt_utils_accepted_range_stg_csv__inventario_bodega_stock_minimo__0  [PASS in 0.87s]
03:12:50  14 of 115 FAIL 1 dbt_utils_accepted_range_stg_csv__inventario_bodega_stock_disponible__0  [FAIL 1 in 0.88s]
03:12:50  16 of 115 WARN 265 dbt_utils_expression_is_true_stg_csv__inventario_bodega_stock_disponible_stock_maximo  [WARN 265 in 0.89s]
03:12:50  17 of 115 PASS dbt_utils_expression_is_true_stg_csv__inventario_bodega_stock_minimo_stock_maximo  [PASS in 0.61s]
03:12:50  18 of 115 PASS dbt_utils_unique_combination_of_columns_stg_csv__inventario_bodega_fecha_corte__id_sucursal__id_producto  [PASS in 0.63s]
03:12:50  20 of 115 PASS not_null_stg_csv__inventario_bodega_fecha_vencimiento ........... [PASS in 0.58s]
03:12:50  19 of 115 PASS not_null_stg_csv__inventario_bodega_fecha_corte ................. [PASS in 0.65s]
03:12:51  21 of 115 PASS not_null_stg_csv__inventario_bodega_id_producto ................. [PASS in 0.56s]
03:12:51  22 of 115 PASS not_null_stg_csv__inventario_bodega_id_sucursal ................. [PASS in 0.50s]
03:12:51  23 of 115 PASS not_null_stg_csv__inventario_bodega_stock_disponible ............ [PASS in 0.41s]
03:12:51  24 of 115 PASS not_null_stg_csv__inventario_bodega_stock_minimo ................ [PASS in 0.50s]
03:12:52  26 of 115 PASS dbt_utils_accepted_range_stg_csv__devoluciones_cantidad_devuelta__1  [PASS in 0.48s]
03:12:52  25 of 115 PASS accepted_values_stg_csv__devoluciones_motivo__Vencimiento_cercano__Error_de_despacho__Cliente_desisti___Producto_da_ado__Empaque_defectuoso  [PASS in 0.48s]
03:12:52  27 of 115 PASS not_null_stg_csv__devoluciones_cantidad_devuelta ................ [PASS in 0.47s]
03:12:52  28 of 115 PASS not_null_stg_csv__devoluciones_id_devolucion .................... [PASS in 0.35s]
03:12:52  32 of 115 WARN 7 assert_promociones_sin_traslape ............................... [WARN 7 in 0.55s]
03:12:52  29 of 115 PASS not_null_stg_csv__devoluciones_id_producto ...................... [PASS in 0.59s]
03:12:52  31 of 115 PASS unique_stg_csv__devoluciones_id_devolucion ...................... [PASS in 0.62s]
03:12:52  30 of 115 PASS not_null_stg_csv__devoluciones_id_venta ......................... [PASS in 0.63s]
03:12:53  33 of 115 PASS dbt_utils_expression_is_true_stg_csv__promociones_fecha_inicio_fecha_fin  [PASS in 0.44s]
03:12:53  34 of 115 PASS not_null_stg_csv__promociones_id_categoria ...................... [PASS in 0.44s]
03:12:53  35 of 115 PASS not_null_stg_csv__promociones_id_promocion ...................... [PASS in 0.47s]
03:12:53  36 of 115 PASS not_null_stg_csv__promociones_porcentaje_descuento .............. [PASS in 0.47s]
03:12:53  37 of 115 PASS porcentaje_valido_stg_csv__promociones_porcentaje_descuento ..... [PASS in 0.37s]
03:12:53  38 of 115 PASS unique_stg_csv__promociones_id_promocion ........................ [PASS in 0.37s]
03:12:53  39 of 115 PASS dbt_utils_accepted_range_stg_csv__metas_ventas_meta_unidades__False__0  [PASS in 0.38s]
03:12:53  40 of 115 FAIL 1 dbt_utils_accepted_range_stg_csv__metas_ventas_meta_ventas__False__0  [FAIL 1 in 0.41s]
03:12:54  41 of 115 PASS dbt_utils_unique_combination_of_columns_stg_csv__metas_ventas_anio_mes__id_sucursal  [PASS in 0.36s]
03:12:54  42 of 115 PASS not_null_stg_csv__metas_ventas_fecha_mes ........................ [PASS in 0.40s]
03:12:54  44 of 115 PASS not_null_stg_csv__metas_ventas_meta_unidades .................... [PASS in 0.38s]
03:12:54  43 of 115 PASS not_null_stg_csv__metas_ventas_id_sucursal ...................... [PASS in 0.42s]
03:12:54  45 of 115 PASS not_null_stg_csv__metas_ventas_meta_ventas ...................... [PASS in 0.40s]
03:12:54  46 of 115 PASS not_null_stg_oltp__categoria_categoria .......................... [PASS in 0.36s]
03:12:54  47 of 115 PASS not_null_stg_oltp__categoria_id_categoria ....................... [PASS in 0.36s]
03:12:54  48 of 115 PASS relationships_stg_csv__promociones_id_categoria__id_categoria__ref_stg_oltp__categoria_  [PASS in 0.36s]
03:12:54  50 of 115 PASS unique_stg_oltp__categoria_id_categoria ......................... [PASS in 0.34s]
03:12:54  49 of 115 PASS unique_stg_oltp__categoria_categoria ............................ [PASS in 0.38s]
03:12:55  52 of 115 PASS not_null_stg_oltp__cliente_fecha_alta ........................... [PASS in 0.38s]
03:12:55  51 of 115 PASS accepted_values_stg_oltp__cliente_tipo_cliente__Tienda_de_barrio__Minorista__Mayorista__Restaurante  [PASS in 0.42s]
03:12:55  54 of 115 PASS not_null_stg_oltp__cliente_nombre_cliente ....................... [PASS in 0.35s]
03:12:55  53 of 115 FAIL 1 not_null_stg_oltp__cliente_id_cliente ......................... [FAIL 1 in 0.36s]
03:12:55  55 of 115 PASS unique_stg_oltp__cliente_id_cliente ............................. [PASS in 0.34s]
03:12:55  56 of 115 PASS dbt_utils_accepted_range_stg_csv__proveedores_precios_costo_proveedor__0  [PASS in 0.33s]
03:12:55  57 of 115 PASS dbt_utils_accepted_range_stg_csv__proveedores_precios_plazo_dias__0  [PASS in 0.39s]
03:12:55  58 of 115 PASS dbt_utils_unique_combination_of_columns_stg_csv__proveedores_precios_id_proveedor__id_producto__fecha_vigencia  [PASS in 0.39s]
03:12:55  59 of 115 FAIL 1 not_null_stg_csv__proveedores_precios_costo_proveedor ......... [FAIL 1 in 0.36s]
03:12:55  60 of 115 PASS not_null_stg_csv__proveedores_precios_id_producto ............... [PASS in 0.40s]
03:12:56  61 of 115 PASS not_null_stg_csv__proveedores_precios_id_proveedor .............. [PASS in 0.34s]
03:12:56  62 of 115 PASS not_null_stg_oltp__marca_id_marca ............................... [PASS in 0.35s]
03:12:56  63 of 115 PASS not_null_stg_oltp__marca_marca .................................. [PASS in 0.41s]
03:12:56  64 of 115 PASS unique_stg_oltp__marca_id_marca ................................. [PASS in 0.38s]
03:12:56  65 of 115 PASS unique_stg_oltp__marca_marca .................................... [PASS in 0.35s]
03:12:56  66 of 115 PASS dbt_utils_accepted_range_stg_oltp__producto_costo_base__0 ....... [PASS in 0.34s]
03:12:56  67 of 115 FAIL 1 dbt_utils_accepted_range_stg_oltp__producto_precio_lista__0 ... [FAIL 1 in 0.35s]
03:12:56  68 of 115 WARN 1 dbt_utils_expression_is_true_stg_oltp__producto_precio_lista_costo_base  [WARN 1 in 0.36s]
03:12:56  69 of 115 PASS not_null_stg_oltp__producto_costo_base .......................... [PASS in 0.35s]
03:12:56  70 of 115 PASS not_null_stg_oltp__producto_id_categoria ........................ [PASS in 0.30s]
03:12:56  71 of 115 PASS not_null_stg_oltp__producto_id_marca ............................ [PASS in 0.29s]
03:12:56  72 of 115 PASS not_null_stg_oltp__producto_id_producto ......................... [PASS in 0.27s]
03:12:57  73 of 115 PASS not_null_stg_oltp__producto_precio_lista ........................ [PASS in 0.33s]
03:12:57  74 of 115 PASS not_null_stg_oltp__producto_sku ................................. [PASS in 0.33s]
03:12:57  75 of 115 PASS relationships_stg_csv__devoluciones_id_producto__id_producto__ref_stg_oltp__producto_  [PASS in 0.36s]
03:12:57  76 of 115 PASS relationships_stg_csv__inventario_bodega_id_producto__id_producto__ref_stg_oltp__producto_  [PASS in 0.34s]
03:12:57  78 of 115 PASS relationships_stg_oltp__producto_id_categoria__id_categoria__ref_stg_oltp__categoria_  [PASS in 0.32s]
03:12:57  77 of 115 PASS relationships_stg_csv__proveedores_precios_id_producto__id_producto__ref_stg_oltp__producto_  [PASS in 0.34s]
03:12:57  79 of 115 PASS relationships_stg_oltp__producto_id_marca__id_marca__ref_stg_oltp__marca_  [PASS in 0.47s]
03:12:57  80 of 115 PASS unique_stg_oltp__producto_id_producto ........................... [PASS in 0.48s]
03:12:58  81 of 115 PASS unique_stg_oltp__producto_sku ................................... [PASS in 0.50s]
03:12:58  82 of 115 PASS accepted_values_stg_oltp__venta_canal__Tienda__Mayorista__Televenta__Web  [PASS in 0.50s]
03:12:58  83 of 115 PASS accepted_values_stg_oltp__venta_estado_venta__COMPLETADA__ANULADA__PENDIENTE  [PASS in 0.37s]
03:12:58  84 of 115 PASS accepted_values_stg_oltp__venta_metodo_pago__Efectivo__Tarjeta__Transferencia__Cr_dito  [PASS in 0.29s]
03:12:58  86 of 115 WARN 40 assert_venta_posterior_alta_cliente .......................... [WARN 40 in 0.27s]
03:12:58  85 of 115 PASS assert_devolucion_posterior_a_venta ............................. [PASS in 0.29s]
03:12:58  88 of 115 PASS not_null_stg_oltp__venta_id_cliente ............................. [PASS in 0.29s]
03:12:58  87 of 115 PASS not_null_stg_oltp__venta_fecha_venta ............................ [PASS in 0.32s]
03:12:58  89 of 115 PASS not_null_stg_oltp__venta_id_sucursal ............................ [PASS in 0.31s]
03:12:58  90 of 115 PASS not_null_stg_oltp__venta_id_venta ............................... [PASS in 0.31s]
03:12:58  91 of 115 PASS relationships_stg_csv__devoluciones_id_venta__id_venta__ref_stg_oltp__venta_  [PASS in 0.28s]
03:12:58  92 of 115 FAIL 1 relationships_stg_oltp__venta_id_cliente__id_cliente__ref_stg_oltp__cliente_  [FAIL 1 in 0.31s]
03:12:59  93 of 115 PASS unique_stg_oltp__venta_id_venta ................................. [PASS in 0.27s]
03:12:59  94 of 115 PASS not_null_stg_oltp__sucursal_id_sucursal ......................... [PASS in 0.27s]
03:12:59  95 of 115 PASS not_null_stg_oltp__sucursal_nombre_sucursal ..................... [PASS in 0.28s]
03:12:59  96 of 115 PASS relationships_stg_csv__inventario_bodega_id_sucursal__id_sucursal__ref_stg_oltp__sucursal_  [PASS in 0.30s]
03:12:59  97 of 115 PASS relationships_stg_csv__metas_ventas_id_sucursal__id_sucursal__ref_stg_oltp__sucursal_  [PASS in 0.25s]
03:12:59  98 of 115 PASS relationships_stg_oltp__venta_id_sucursal__id_sucursal__ref_stg_oltp__sucursal_  [PASS in 0.24s]
03:12:59  99 of 115 PASS unique_stg_oltp__sucursal_id_sucursal ........................... [PASS in 0.31s]
03:12:59  100 of 115 FAIL 1 assert_devolucion_no_supera_vendido .......................... [FAIL 1 in 0.35s]
03:12:59  102 of 115 FAIL 1 dbt_utils_accepted_range_stg_oltp__venta_detalle_cantidad__1 . [FAIL 1 in 0.40s]
03:12:59  101 of 115 FAIL 2 assert_subtotal_consistente .................................. [FAIL 2 in 0.42s]
03:13:00  103 of 115 PASS dbt_utils_accepted_range_stg_oltp__venta_detalle_monto_neto__0 . [PASS in 0.66s]
03:13:00  104 of 115 PASS dbt_utils_accepted_range_stg_oltp__venta_detalle_precio_unitario__0  [PASS in 0.71s]
03:13:00  106 of 115 PASS not_null_stg_oltp__venta_detalle_descuento_pct ................. [PASS in 0.64s]
03:13:00  105 of 115 PASS not_null_stg_oltp__venta_detalle_cantidad ...................... [PASS in 0.68s]
03:13:00  107 of 115 PASS not_null_stg_oltp__venta_detalle_id_detalle .................... [PASS in 0.46s]
03:13:00  108 of 115 PASS not_null_stg_oltp__venta_detalle_id_producto ................... [PASS in 0.34s]
03:13:00  110 of 115 PASS not_null_stg_oltp__venta_detalle_monto_neto .................... [PASS in 0.29s]
03:13:00  109 of 115 PASS not_null_stg_oltp__venta_detalle_id_venta ...................... [PASS in 0.30s]
03:13:01  111 of 115 PASS not_null_stg_oltp__venta_detalle_precio_unitario ............... [PASS in 0.30s]
03:13:01  112 of 115 FAIL 1 porcentaje_valido_stg_oltp__venta_detalle_descuento_pct ...... [FAIL 1 in 0.33s]
03:13:01  113 of 115 PASS relationships_stg_oltp__venta_detalle_id_producto__id_producto__ref_stg_oltp__producto_  [PASS in 0.31s]
03:13:01  114 of 115 PASS relationships_stg_oltp__venta_detalle_id_venta__id_venta__ref_stg_oltp__venta_  [PASS in 0.31s]
03:13:01  115 of 115 PASS unique_stg_oltp__venta_detalle_id_detalle ...................... [PASS in 0.19s]
03:13:01  Finished running 103 data tests, 12 view models in 0 hours 0 minutes and 15.84 seconds (15.84s).
03:13:01  Completed with 11 errors, 0 partial successes, and 4 warnings:
03:13:02  Done. PASS=100 WARN=4 ERROR=11 SKIP=0 NO-OP=0 REUSED=0 TOTAL=115