EVIDENCIA · dbt build en la corrida evidencia_3_corrida_limpia

########## transformacion_dbt.dbt_build_staging · attempt=1 ##########
03:14:11  1 of 115 OK created sql view model staging.stg_csv__devoluciones ............... [CREATE VIEW in 0.45s]
03:14:11  4 of 115 OK created sql view model staging.stg_csv__promociones ................ [CREATE VIEW in 0.45s]
03:14:11  2 of 115 OK created sql view model staging.stg_csv__inventario_bodega .......... [CREATE VIEW in 0.46s]
03:14:11  3 of 115 OK created sql view model staging.stg_csv__metas_ventas ............... [CREATE VIEW in 0.46s]
03:14:11  6 of 115 OK created sql view model staging.stg_oltp__categoria ................. [CREATE VIEW in 0.34s]
03:14:11  5 of 115 OK created sql view model staging.stg_csv__proveedores_precios ........ [CREATE VIEW in 0.38s]
03:14:11  8 of 115 OK created sql view model staging.stg_oltp__marca ..................... [CREATE VIEW in 0.38s]
03:14:11  7 of 115 OK created sql view model staging.stg_oltp__cliente ................... [CREATE VIEW in 0.40s]
03:14:12  9 of 115 OK created sql view model staging.stg_oltp__producto .................. [CREATE VIEW in 0.51s]
03:14:12  11 of 115 OK created sql view model staging.stg_oltp__venta .................... [CREATE VIEW in 0.48s]
03:14:12  10 of 115 OK created sql view model staging.stg_oltp__sucursal ................. [CREATE VIEW in 0.53s]
03:14:12  12 of 115 OK created sql view model staging.stg_oltp__venta_detalle ............ [CREATE VIEW in 0.55s]
03:14:12  14 of 115 PASS dbt_utils_accepted_range_stg_csv__devoluciones_cantidad_devuelta__1  [PASS in 0.41s]
03:14:12  15 of 115 PASS not_null_stg_csv__devoluciones_cantidad_devuelta ................ [PASS in 0.33s]
03:14:12  13 of 115 PASS accepted_values_stg_csv__devoluciones_motivo__Vencimiento_cercano__Error_de_despacho__Cliente_desisti___Producto_da_ado__Empaque_defectuoso  [PASS in 0.44s]
03:14:12  16 of 115 PASS not_null_stg_csv__devoluciones_id_devolucion .................... [PASS in 0.31s]
03:14:13  17 of 115 PASS not_null_stg_csv__devoluciones_id_producto ...................... [PASS in 0.27s]
03:14:13  18 of 115 PASS not_null_stg_csv__devoluciones_id_venta ......................... [PASS in 0.27s]
03:14:13  19 of 115 PASS unique_stg_csv__devoluciones_id_devolucion ...................... [PASS in 0.26s]
03:14:13  20 of 115 WARN 7 assert_promociones_sin_traslape ............................... [WARN 7 in 0.25s]
03:14:13  21 of 115 PASS dbt_utils_expression_is_true_stg_csv__promociones_fecha_inicio_fecha_fin  [PASS in 0.26s]
03:14:13  22 of 115 PASS not_null_stg_csv__promociones_id_categoria ...................... [PASS in 0.25s]
03:14:13  23 of 115 PASS not_null_stg_csv__promociones_id_promocion ...................... [PASS in 0.23s]
03:14:13  24 of 115 PASS not_null_stg_csv__promociones_porcentaje_descuento .............. [PASS in 0.23s]
03:14:13  25 of 115 PASS porcentaje_valido_stg_csv__promociones_porcentaje_descuento ..... [PASS in 0.27s]
03:14:13  27 of 115 PASS assert_vencimiento_posterior_al_corte ........................... [PASS in 0.26s]
03:14:13  26 of 115 PASS unique_stg_csv__promociones_id_promocion ........................ [PASS in 0.27s]
03:14:13  28 of 115 PASS dbt_utils_accepted_range_stg_csv__inventario_bodega_stock_disponible__0  [PASS in 0.34s]
03:14:14  29 of 115 PASS dbt_utils_accepted_range_stg_csv__inventario_bodega_stock_minimo__0  [PASS in 0.34s]
03:14:14  30 of 115 WARN 265 dbt_utils_expression_is_true_stg_csv__inventario_bodega_stock_disponible_stock_maximo  [WARN 265 in 0.39s]
03:14:14  31 of 115 PASS dbt_utils_expression_is_true_stg_csv__inventario_bodega_stock_minimo_stock_maximo  [PASS in 0.41s]
03:14:14  32 of 115 PASS dbt_utils_unique_combination_of_columns_stg_csv__inventario_bodega_fecha_corte__id_sucursal__id_producto  [PASS in 0.35s]
03:14:14  33 of 115 PASS not_null_stg_csv__inventario_bodega_fecha_corte ................. [PASS in 0.32s]
03:14:14  35 of 115 PASS not_null_stg_csv__inventario_bodega_id_producto ................. [PASS in 0.31s]
03:14:14  34 of 115 PASS not_null_stg_csv__inventario_bodega_fecha_vencimiento ........... [PASS in 0.32s]
03:14:14  36 of 115 PASS not_null_stg_csv__inventario_bodega_id_sucursal ................. [PASS in 0.30s]
03:14:14  37 of 115 PASS not_null_stg_csv__inventario_bodega_stock_disponible ............ [PASS in 0.34s]
03:14:14  38 of 115 PASS not_null_stg_csv__inventario_bodega_stock_minimo ................ [PASS in 0.30s]
03:14:14  39 of 115 PASS dbt_utils_accepted_range_stg_csv__metas_ventas_meta_unidades__False__0  [PASS in 0.29s]
03:14:15  40 of 115 PASS dbt_utils_accepted_range_stg_csv__metas_ventas_meta_ventas__False__0  [PASS in 0.31s]
03:14:15  41 of 115 PASS dbt_utils_unique_combination_of_columns_stg_csv__metas_ventas_anio_mes__id_sucursal  [PASS in 0.30s]
03:14:15  42 of 115 PASS not_null_stg_csv__metas_ventas_fecha_mes ........................ [PASS in 0.30s]
03:14:15  43 of 115 PASS not_null_stg_csv__metas_ventas_id_sucursal ...................... [PASS in 0.30s]
03:14:15  44 of 115 PASS not_null_stg_csv__metas_ventas_meta_unidades .................... [PASS in 0.33s]
03:14:15  45 of 115 PASS not_null_stg_csv__metas_ventas_meta_ventas ...................... [PASS in 0.36s]
03:14:15  46 of 115 PASS not_null_stg_oltp__categoria_categoria .......................... [PASS in 0.39s]
03:14:15  47 of 115 PASS not_null_stg_oltp__categoria_id_categoria ....................... [PASS in 0.38s]
03:14:15  48 of 115 PASS relationships_stg_csv__promociones_id_categoria__id_categoria__ref_stg_oltp__categoria_  [PASS in 0.36s]
03:14:15  49 of 115 PASS unique_stg_oltp__categoria_categoria ............................ [PASS in 0.38s]
03:14:16  50 of 115 PASS unique_stg_oltp__categoria_id_categoria ......................... [PASS in 0.35s]
03:14:16  51 of 115 PASS dbt_utils_accepted_range_stg_csv__proveedores_precios_costo_proveedor__0  [PASS in 0.41s]
03:14:16  52 of 115 PASS dbt_utils_accepted_range_stg_csv__proveedores_precios_plazo_dias__0  [PASS in 0.36s]
03:14:16  53 of 115 PASS dbt_utils_unique_combination_of_columns_stg_csv__proveedores_precios_id_proveedor__id_producto__fecha_vigencia  [PASS in 0.32s]
03:14:16  54 of 115 PASS not_null_stg_csv__proveedores_precios_costo_proveedor ........... [PASS in 0.27s]
03:14:16  55 of 115 PASS not_null_stg_csv__proveedores_precios_id_producto ............... [PASS in 0.31s]
03:14:16  56 of 115 PASS not_null_stg_csv__proveedores_precios_id_proveedor .............. [PASS in 0.30s]
03:14:16  57 of 115 PASS not_null_stg_oltp__marca_id_marca ............................... [PASS in 0.32s]
03:14:16  58 of 115 PASS not_null_stg_oltp__marca_marca .................................. [PASS in 0.29s]
03:14:16  59 of 115 PASS unique_stg_oltp__marca_id_marca ................................. [PASS in 0.32s]
03:14:16  60 of 115 PASS unique_stg_oltp__marca_marca .................................... [PASS in 0.31s]
03:14:17  61 of 115 PASS accepted_values_stg_oltp__cliente_tipo_cliente__Tienda_de_barrio__Minorista__Mayorista__Restaurante  [PASS in 0.31s]
03:14:17  62 of 115 PASS not_null_stg_oltp__cliente_fecha_alta ........................... [PASS in 0.32s]
03:14:17  63 of 115 PASS not_null_stg_oltp__cliente_id_cliente ........................... [PASS in 0.31s]
03:14:17  64 of 115 PASS not_null_stg_oltp__cliente_nombre_cliente ....................... [PASS in 0.28s]
03:14:17  65 of 115 PASS unique_stg_oltp__cliente_id_cliente ............................. [PASS in 0.36s]
03:14:17  66 of 115 PASS dbt_utils_accepted_range_stg_oltp__producto_costo_base__0 ....... [PASS in 0.36s]
03:14:17  68 of 115 PASS dbt_utils_expression_is_true_stg_oltp__producto_precio_lista_costo_base  [PASS in 0.41s]
03:14:17  67 of 115 PASS dbt_utils_accepted_range_stg_oltp__producto_precio_lista__0 ..... [PASS in 0.42s]
03:14:17  69 of 115 PASS not_null_stg_oltp__producto_costo_base .......................... [PASS in 0.39s]
03:14:17  70 of 115 PASS not_null_stg_oltp__producto_id_categoria ........................ [PASS in 0.38s]
03:14:18  71 of 115 PASS not_null_stg_oltp__producto_id_marca ............................ [PASS in 0.37s]
03:14:18  72 of 115 PASS not_null_stg_oltp__producto_id_producto ......................... [PASS in 0.36s]
03:14:18  74 of 115 PASS not_null_stg_oltp__producto_sku ................................. [PASS in 0.33s]
03:14:18  73 of 115 PASS not_null_stg_oltp__producto_precio_lista ........................ [PASS in 0.34s]
03:14:18  75 of 115 PASS relationships_stg_csv__devoluciones_id_producto__id_producto__ref_stg_oltp__producto_  [PASS in 0.34s]
03:14:18  76 of 115 PASS relationships_stg_csv__inventario_bodega_id_producto__id_producto__ref_stg_oltp__producto_  [PASS in 0.33s]
03:14:18  78 of 115 PASS relationships_stg_oltp__producto_id_categoria__id_categoria__ref_stg_oltp__categoria_  [PASS in 0.28s]
03:14:18  77 of 115 PASS relationships_stg_csv__proveedores_precios_id_producto__id_producto__ref_stg_oltp__producto_  [PASS in 0.28s]
03:14:18  80 of 115 PASS unique_stg_oltp__producto_id_producto ........................... [PASS in 0.29s]
03:14:18  79 of 115 PASS relationships_stg_oltp__producto_id_marca__id_marca__ref_stg_oltp__marca_  [PASS in 0.31s]
03:14:18  81 of 115 PASS unique_stg_oltp__producto_sku ................................... [PASS in 0.34s]
03:14:18  82 of 115 PASS accepted_values_stg_oltp__venta_canal__Tienda__Mayorista__Televenta__Web  [PASS in 0.34s]
03:14:19  84 of 115 PASS accepted_values_stg_oltp__venta_metodo_pago__Efectivo__Tarjeta__Transferencia__Cr_dito  [PASS in 0.30s]
03:14:19  83 of 115 PASS accepted_values_stg_oltp__venta_estado_venta__COMPLETADA__ANULADA__PENDIENTE  [PASS in 0.32s]
03:14:19  85 of 115 PASS assert_devolucion_posterior_a_venta ............................. [PASS in 0.30s]
03:14:19  86 of 115 WARN 40 assert_venta_posterior_alta_cliente .......................... [WARN 40 in 0.31s]
03:14:19  88 of 115 PASS not_null_stg_oltp__venta_id_cliente ............................. [PASS in 0.33s]
03:14:19  87 of 115 PASS not_null_stg_oltp__venta_fecha_venta ............................ [PASS in 0.34s]
03:14:19  90 of 115 PASS not_null_stg_oltp__venta_id_venta ............................... [PASS in 0.34s]
03:14:19  89 of 115 PASS not_null_stg_oltp__venta_id_sucursal ............................ [PASS in 0.36s]
03:14:19  91 of 115 PASS relationships_stg_csv__devoluciones_id_venta__id_venta__ref_stg_oltp__venta_  [PASS in 0.36s]
03:14:19  92 of 115 PASS relationships_stg_oltp__venta_id_cliente__id_cliente__ref_stg_oltp__cliente_  [PASS in 0.37s]
03:14:20  93 of 115 PASS unique_stg_oltp__venta_id_venta ................................. [PASS in 0.48s]
03:14:20  94 of 115 PASS not_null_stg_oltp__sucursal_id_sucursal ......................... [PASS in 0.49s]
03:14:20  95 of 115 PASS not_null_stg_oltp__sucursal_nombre_sucursal ..................... [PASS in 0.53s]
03:14:20  96 of 115 PASS relationships_stg_csv__inventario_bodega_id_sucursal__id_sucursal__ref_stg_oltp__sucursal_  [PASS in 0.52s]
03:14:20  97 of 115 PASS relationships_stg_csv__metas_ventas_id_sucursal__id_sucursal__ref_stg_oltp__sucursal_  [PASS in 0.36s]
03:14:20  98 of 115 PASS relationships_stg_oltp__venta_id_sucursal__id_sucursal__ref_stg_oltp__sucursal_  [PASS in 0.35s]
03:14:20  99 of 115 PASS unique_stg_oltp__sucursal_id_sucursal ........................... [PASS in 0.28s]
03:14:20  100 of 115 PASS assert_devolucion_no_supera_vendido ............................ [PASS in 0.29s]
03:14:20  102 of 115 PASS dbt_utils_accepted_range_stg_oltp__venta_detalle_cantidad__1 ... [PASS in 0.28s]
03:14:20  101 of 115 PASS assert_subtotal_consistente .................................... [PASS in 0.28s]
03:14:21  104 of 115 PASS dbt_utils_accepted_range_stg_oltp__venta_detalle_precio_unitario__0  [PASS in 0.26s]
03:14:21  103 of 115 PASS dbt_utils_accepted_range_stg_oltp__venta_detalle_monto_neto__0 . [PASS in 0.28s]
03:14:21  105 of 115 PASS not_null_stg_oltp__venta_detalle_cantidad ...................... [PASS in 0.28s]
03:14:21  106 of 115 PASS not_null_stg_oltp__venta_detalle_descuento_pct ................. [PASS in 0.27s]
03:14:21  107 of 115 PASS not_null_stg_oltp__venta_detalle_id_detalle .................... [PASS in 0.25s]
03:14:21  108 of 115 PASS not_null_stg_oltp__venta_detalle_id_producto ................... [PASS in 0.24s]
03:14:21  109 of 115 PASS not_null_stg_oltp__venta_detalle_id_venta ...................... [PASS in 0.27s]
03:14:21  110 of 115 PASS not_null_stg_oltp__venta_detalle_monto_neto .................... [PASS in 0.28s]
03:14:21  112 of 115 PASS porcentaje_valido_stg_oltp__venta_detalle_descuento_pct ........ [PASS in 0.27s]
03:14:21  111 of 115 PASS not_null_stg_oltp__venta_detalle_precio_unitario ............... [PASS in 0.28s]
03:14:21  113 of 115 PASS relationships_stg_oltp__venta_detalle_id_producto__id_producto__ref_stg_oltp__producto_  [PASS in 0.22s]
03:14:21  114 of 115 PASS relationships_stg_oltp__venta_detalle_id_venta__id_venta__ref_stg_oltp__venta_  [PASS in 0.22s]
03:14:21  115 of 115 PASS unique_stg_oltp__venta_detalle_id_detalle ...................... [PASS in 0.14s]
03:14:21  Finished running 103 data tests, 12 view models in 0 hours 0 minutes and 11.31 seconds (11.31s).
03:14:22  Completed with 3 warnings:
03:14:22  Done. PASS=112 WARN=3 ERROR=0 SKIP=0 NO-OP=0 REUSED=0 TOTAL=115

########## transformacion_dbt.dbt_build_marts · attempt=1 ##########
03:14:32  1 of 72 OK created sql table model marts.dim_cliente ........................... [INSERT 0 251 in 0.95s]
03:14:32  4 of 72 OK created sql table model marts.dim_promocion ......................... [INSERT 0 31 in 0.96s]
03:14:32  2 of 72 OK created sql table model marts.dim_condicion_venta ................... [INSERT 0 42 in 0.96s]
03:14:32  3 of 72 OK created sql table model marts.dim_fecha ............................. [INSERT 0 1462 in 0.97s]
03:14:33  8 of 72 OK created sql view model intermediate.int_productos_enriquecidos ...... [CREATE VIEW in 0.29s]
03:14:33  7 of 72 OK created sql view model intermediate.int_costos_proveedor ............ [CREATE VIEW in 0.29s]
03:14:33  5 of 72 OK created sql table model marts.dim_proveedor ......................... [INSERT 0 13 in 0.44s]
03:14:33  6 of 72 OK created sql table model marts.dim_sucursal .......................... [INSERT 0 7 in 0.45s]
03:14:33  10 of 72 PASS unique_dim_cliente_sk_cliente .................................... [PASS in 0.42s]
03:14:33  9 of 72 PASS not_null_dim_cliente_sk_cliente ................................... [PASS in 0.44s]
03:14:33  11 of 72 PASS not_null_dim_promocion_sk_promocion .............................. [PASS in 0.32s]
03:14:33  12 of 72 PASS unique_dim_promocion_sk_promocion ................................ [PASS in 0.28s]
03:14:33  13 of 72 PASS dbt_utils_unique_combination_of_columns_dim_condicion_venta_canal__metodo_pago__estado_venta  [PASS in 0.28s]
03:14:33  14 of 72 PASS not_null_dim_condicion_venta_sk_condicion_venta .................. [PASS in 0.28s]
03:14:33  15 of 72 PASS unique_dim_condicion_venta_sk_condicion_venta .................... [PASS in 0.25s]
03:14:33  16 of 72 PASS not_null_dim_fecha_sk_fecha ...................................... [PASS in 0.25s]
03:14:34  17 of 72 PASS unique_dim_fecha_sk_fecha ........................................ [PASS in 0.28s]
03:14:34  19 of 72 PASS unique_int_productos_enriquecidos_id_producto .................... [PASS in 0.25s]
03:14:34  18 of 72 PASS not_null_int_productos_enriquecidos_id_producto .................. [PASS in 0.29s]
03:14:34  20 of 72 PASS not_null_dim_proveedor_sk_proveedor .............................. [PASS in 0.25s]
03:14:34  21 of 72 PASS unique_dim_proveedor_sk_proveedor ................................ [PASS in 0.28s]
03:14:34  22 of 72 PASS not_null_dim_sucursal_sk_sucursal ................................ [PASS in 0.30s]
03:14:34  23 of 72 PASS unique_dim_sucursal_sk_sucursal .................................. [PASS in 0.30s]
03:14:34  24 of 72 OK created sql table model marts.dim_producto ......................... [INSERT 0 81 in 0.37s]
03:14:34  25 of 72 OK created sql view model intermediate.int_ventas_lineas .............. [CREATE VIEW in 0.27s]
03:14:34  26 of 72 OK created sql table model marts.fct_metas_ventas ..................... [INSERT 0 48 in 0.43s]
03:14:34  28 of 72 PASS unique_dim_producto_sk_producto .................................. [PASS in 0.38s]
03:14:35  27 of 72 PASS not_null_dim_producto_sk_producto ................................ [PASS in 0.39s]
03:14:35  29 of 72 PASS not_null_int_ventas_lineas_es_venta_valida ....................... [PASS in 0.36s]
03:14:35  30 of 72 PASS not_null_int_ventas_lineas_id_detalle ............................ [PASS in 0.35s]
03:14:35  31 of 72 PASS unique_int_ventas_lineas_id_detalle .............................. [PASS in 0.35s]
03:14:35  32 of 72 PASS dbt_utils_unique_combination_of_columns_fct_metas_ventas_sk_fecha_mes__sk_sucursal  [PASS in 0.35s]
03:14:35  33 of 72 PASS no_apunta_a_desconocido_fct_metas_ventas_sk_fecha_mes ............ [PASS in 0.36s]
03:14:35  34 of 72 PASS no_apunta_a_desconocido_fct_metas_ventas_sk_sucursal ............. [PASS in 0.35s]
03:14:35  35 of 72 OK created sql table model marts.fct_costos_proveedor ................. [INSERT 0 103 in 0.46s]
03:14:36  38 of 72 OK created sql view model intermediate.int_devoluciones_enriquecidas .. [CREATE VIEW in 0.24s]
03:14:36  39 of 72 PASS dbt_utils_unique_combination_of_columns_fct_costos_proveedor_sk_proveedor__sk_producto__sk_fecha_vigencia  [PASS in 0.23s]
03:14:36  36 of 72 OK created sql table model marts.fct_inventario_mensual ............... [INSERT 0 3840 in 0.83s]
03:14:36  40 of 72 PASS no_apunta_a_desconocido_fct_costos_proveedor_sk_fecha_vigencia ... [PASS in 0.29s]
03:14:36  41 of 72 PASS no_apunta_a_desconocido_fct_costos_proveedor_sk_producto ......... [PASS in 0.25s]
03:14:36  42 of 72 PASS not_null_int_devoluciones_enriquecidas_id_devolucion ............. [PASS in 0.24s]
03:14:36  43 of 72 PASS not_null_int_devoluciones_enriquecidas_precio_neto_unitario ...... [PASS in 0.33s]
03:14:36  44 of 72 PASS unique_int_devoluciones_enriquecidas_id_devolucion ............... [PASS in 0.29s]
03:14:36  37 of 72 OK created sql table model marts.fct_ventas ........................... [INSERT 0 3209 in 1.09s]
03:14:36  45 of 72 PASS assert_reconciliacion_raw_vs_fct_inventario ...................... [PASS in 0.29s]
03:14:36  46 of 72 PASS no_apunta_a_desconocido_fct_inventario_mensual_sk_fecha_corte .... [PASS in 0.29s]
03:14:37  48 of 72 PASS no_apunta_a_desconocido_fct_inventario_mensual_sk_producto ....... [PASS in 0.31s]
03:14:37  47 of 72 PASS no_apunta_a_desconocido_fct_inventario_mensual_sk_fecha_vencimiento  [PASS in 0.32s]
03:14:37  49 of 72 PASS no_apunta_a_desconocido_fct_inventario_mensual_sk_sucursal ....... [PASS in 0.31s]
03:14:37  50 of 72 PASS not_null_fct_inventario_mensual_sk_inventario .................... [PASS in 0.26s]
03:14:37  51 of 72 PASS unique_fct_inventario_mensual_sk_inventario ...................... [PASS in 0.25s]
03:14:37  53 of 72 PASS assert_reconciliacion_raw_vs_fct_ventas .......................... [PASS in 0.27s]
03:14:37  52 of 72 OK created sql table model marts.fct_devoluciones ..................... [INSERT 0 80 in 0.44s]
03:14:37  54 of 72 PASS no_apunta_a_desconocido_fct_ventas_sk_cliente .................... [PASS in 0.29s]
03:14:37  55 of 72 PASS no_apunta_a_desconocido_fct_ventas_sk_fecha ...................... [PASS in 0.30s]
03:14:37  56 of 72 PASS no_apunta_a_desconocido_fct_ventas_sk_producto ................... [PASS in 0.31s]
03:14:37  57 of 72 PASS no_apunta_a_desconocido_fct_ventas_sk_sucursal ................... [PASS in 0.29s]
03:14:37  58 of 72 PASS not_null_fct_ventas_id_detalle ................................... [PASS in 0.31s]
03:14:38  59 of 72 PASS unique_fct_ventas_id_detalle ..................................... [PASS in 0.29s]
03:14:38  60 of 72 PASS no_apunta_a_desconocido_fct_devoluciones_sk_cliente .............. [PASS in 0.26s]
03:14:38  61 of 72 PASS no_apunta_a_desconocido_fct_devoluciones_sk_fecha ................ [PASS in 0.23s]
03:14:38  62 of 72 PASS no_apunta_a_desconocido_fct_devoluciones_sk_fecha_venta .......... [PASS in 0.27s]
03:14:38  63 of 72 PASS no_apunta_a_desconocido_fct_devoluciones_sk_producto ............. [PASS in 0.30s]
03:14:38  64 of 72 PASS no_apunta_a_desconocido_fct_devoluciones_sk_sucursal ............. [PASS in 0.29s]
03:14:38  65 of 72 PASS not_null_fct_devoluciones_id_devolucion .......................... [PASS in 0.27s]
03:14:38  66 of 72 PASS unique_fct_devoluciones_id_devolucion ............................ [PASS in 0.20s]
03:14:38  67 of 72 OK created sql table model marts.mart_alertas_inventario .............. [SELECT 480 in 0.20s]
03:14:38  68 of 72 OK created sql table model marts.mart_cumplimiento_metas .............. [SELECT 48 in 0.20s]
03:14:38  69 of 72 PASS accepted_values_mart_alertas_inventario_estado_stock__SIN_STOCK__BAJO_M_NIMO__SOBRE_STOCK__OK  [PASS in 0.27s]
03:14:39  72 of 72 PASS not_null_mart_cumplimiento_metas_venta_neta ...................... [PASS in 0.30s]
03:14:39  71 of 72 PASS dbt_utils_unique_combination_of_columns_mart_cumplimiento_metas_anio_mes__id_sucursal  [PASS in 0.30s]
03:14:39  Finished running 1 exposure, 14 table models, 53 data tests, 4 view models in 0 hours 0 minutes and 7.86 seconds (7.86s).
03:14:39  Completed successfully
03:14:39  Done. PASS=71 WARN=0 ERROR=0 SKIP=0 NO-OP=1 REUSED=0 TOTAL=72
